// Jest Snapshot v1, https://jestjs.io/docs/snapshot-testing

exports[`User Groups table renders the correct label syntax based on member/query size 1`] = `
<body>
  <div>
    <div
      class="userGroupsTable customizeTableWrapper"
    >
      <table
        class="usa-table usa-table--borderless customizeTable"
        data-testid="table"
      >
        <thead>
          <tr>
            <th
              class="grid-col-5"
            >
              Name
            </th>
            <th
              class="grid-col-3"
            >
              Members
            </th>
            <th
              class="grid-col-4"
            >
              Assigned queries
            </th>
          </tr>
        </thead>
        <tbody>
          <tr
            id="456"
            tabindex="0"
          >
            <td>
              <div
                class="buttonHoverGroup"
              >
                <span>
                  Order of the Phoenix
                </span>
                <button
                  class="usa-button usa-button--unstyled hoverBtn unstyled-button-container usa-button--unstyled text-bold text-no-underline"
                  data-testid="button"
                  type="button"
                >
                  <span
                    class="icon-text padding-right-4 display-flex flex-align-center"
                  >
                    <svg
                      aria-label="Pencil icon indicating edit ability"
                      class="usa-icon height-3 width-3"
                      focusable="false"
                      height="1em"
                      role="img"
                      viewBox="0 0 24 24"
                      width="1em"
                      xmlns="http://www.w3.org/2000/svg"
                    >
                      <path
                        d="M3 17.25V21h3.75L17.81 9.94l-3.75-3.75L3 17.25zM20.71 7.04a.996.996 0 0 0 0-1.41l-2.34-2.34a.996.996 0 0 0-1.41 0l-1.83 1.83 3.75 3.75 1.83-1.83z"
                      />
                    </svg>
                    <span
                      class="padding-left-05"
                      data-testid="edit-group-456"
                    >
                      Rename
                    </span>
                  </span>
                </button>
              </div>
            </td>
            <td>
              <button
                aria-description="Edit Order of the Phoenix members"
                class="usa-button usa-button--unstyled drawerButton margin-right-2 text-no-underline"
                data-testid="edit-member-list-0"
                type="button"
              >
                3 members
              </button>
            </td>
            <td
              class="grid-col-2"
            >
              <div
                class="buttonHoverGroup"
              >
                <button
                  aria-description="Edit Order of the Phoenix queries"
                  class="usa-button usa-button--unstyled drawerButton text-no-underline"
                  data-testid="edit-query-list-0"
                  type="button"
                >
                  3 queries
                </button>
                <button
                  class="usa-button usa-button--unstyled hoverBtn unstyled-button-container usa-button--unstyled text-bold text-no-underline destructive-primary"
                  data-testid="button"
                  type="button"
                >
                  <span
                    class="icon-text padding-right-4 display-flex flex-align-center"
                  >
                    <svg
                      aria-label="Trash icon indicating deletion of disease"
                      class="usa-icon height-3 width-3"
                      focusable="false"
                      height="1em"
                      role="img"
                      viewBox="0 0 24 24"
                      width="1em"
                      xmlns="http://www.w3.org/2000/svg"
                    >
                      <path
                        d="M6 19c0 1.1.9 2 2 2h8c1.1 0 2-.9 2-2V7H6v12zM19 4h-3.5l-1-1h-5l-1 1H5v2h14V4z"
                      />
                    </svg>
                    <span
                      class="padding-left-05"
                    >
                      Delete
                    </span>
                  </span>
                </button>
              </div>
            </td>
          </tr>
          <tr
            id="789"
            tabindex="0"
          >
            <td>
              <div
                class="buttonHoverGroup"
              >
                <span>
                  S.P.E.W.
                </span>
                <button
                  class="usa-button usa-button--unstyled hoverBtn unstyled-button-container usa-button--unstyled text-bold text-no-underline"
                  data-testid="button"
                  type="button"
                >
                  <span
                    class="icon-text padding-right-4 display-flex flex-align-center"
                  >
                    <svg
                      aria-label="Pencil icon indicating edit ability"
                      class="usa-icon height-3 width-3"
                      focusable="false"
                      height="1em"
                      role="img"
                      viewBox="0 0 24 24"
                      width="1em"
                      xmlns="http://www.w3.org/2000/svg"
                    >
                      <path
                        d="M3 17.25V21h3.75L17.81 9.94l-3.75-3.75L3 17.25zM20.71 7.04a.996.996 0 0 0 0-1.41l-2.34-2.34a.996.996 0 0 0-1.41 0l-1.83 1.83 3.75 3.75 1.83-1.83z"
                      />
                    </svg>
                    <span
                      class="padding-left-05"
                      data-testid="edit-group-789"
                    >
                      Rename
                    </span>
                  </span>
                </button>
              </div>
            </td>
            <td>
              <button
                aria-description="Edit S.P.E.W. members"
                class="usa-button usa-button--unstyled drawerButton margin-right-2 text-no-underline"
                data-testid="edit-member-list-1"
                type="button"
              >
                1 member
              </button>
            </td>
            <td
              class="grid-col-2"
            >
              <div
                class="buttonHoverGroup"
              >
                <button
                  aria-description="Edit S.P.E.W. queries"
                  class="usa-button usa-button--unstyled drawerButton text-no-underline"
                  data-testid="edit-query-list-1"
                  type="button"
                >
                  1 query
                </button>
                <button
                  class="usa-button usa-button--unstyled hoverBtn unstyled-button-container usa-button--unstyled text-bold text-no-underline destructive-primary"
                  data-testid="button"
                  type="button"
                >
                  <span
                    class="icon-text padding-right-4 display-flex flex-align-center"
                  >
                    <svg
                      aria-label="Trash icon indicating deletion of disease"
                      class="usa-icon height-3 width-3"
                      focusable="false"
                      height="1em"
                      role="img"
                      viewBox="0 0 24 24"
                      width="1em"
                      xmlns="http://www.w3.org/2000/svg"
                    >
                      <path
                        d="M6 19c0 1.1.9 2 2 2h8c1.1 0 2-.9 2-2V7H6v12zM19 4h-3.5l-1-1h-5l-1 1H5v2h14V4z"
                      />
                    </svg>
                    <span
                      class="padding-left-05"
                    >
                      Delete
                    </span>
                  </span>
                </button>
              </div>
            </td>
          </tr>
        </tbody>
      </table>
    </div>
  </div>
</body>
`;
